// Jest Snapshot v1, https://goo.gl/fbAQLP

exports[`Required match snapshot 1`] = `
<div
  className="content"
>
  <p>
    hi
  </p>
  <p
    className="Required"
  >
    *
  </p>
</div>
`;
