// Jest Snapshot v1, https://goo.gl/fbAQLP

exports[`Testimonial match snapshot 1`] = `
<div
  className="MuiPaper-root MuiPaper-elevation MuiPaper-rounded MuiPaper-elevation1 css-er2eq5-MuiPaper-root"
>
  <div>
    <span
      className="Text"
    >
      "
      I had a great experience at PC Club! The staff was friendly and helpful. I highly recommend this store.
      "
    </span>
  </div>
  <div
    className="Author"
  >
    <img
      alt="testimonial"
      className="Img"
      loading="lazy"
      src="harry.jpg"
    />
    <h3>
      Harry Potter
    </h3>
    <svg
      aria-hidden={true}
      className="MuiSvgIcon-root MuiSvgIcon-fontSizeMedium css-19pa9qe-MuiSvgIcon-root"
      data-testid="FormatQuoteIcon"
      focusable="false"
      viewBox="0 0 24 24"
    >
      <path
        d="M6 17h3l2-4V7H5v6h3zm8 0h3l2-4V7h-6v6h3z"
      />
    </svg>
  </div>
</div>
`;
